[team5036.ca/index.html]
[backblue.gif]
[fade.gif]
[index.html]
[team5036.ca/wp-content/themes/astra/assets/css/minified/main.mine506.css]
[team5036.ca/indexd784.html]
[team5036.ca/wp-includes/js/mediaelement/mediaelementplayer-legacy.min1f61.css]
[team5036.ca/indexa6da.html]
[team5036.ca/wp-includes/js/mediaelement/wp-mediaelement.min0899.css]
[team5036.ca/wp-content/plugins/elementor/assets/css/frontend.min3ea8.css]
[team5036.ca/wp-content/plugins/essential-addons-for-elementor-lite/assets/front-end/css/view/general.min658f.css]
[team5036.ca/wp-content/uploads/essential-addons-elementor/eael-16780de.css]
[team5036.ca/wp-content/plugins/elementor/assets/lib/eicons/css/elementor-icons.minf25c.css]
[team5036.ca/wp-content/uploads/elementor/css/post-1448b69.css]
[team5036.ca/wp-content/plugins/elementor/assets/css/widget-image.min3ea8.css]
[team5036.ca/wp-content/plugins/elementor/assets/css/widget-heading.min3ea8.css]
[team5036.ca/wp-content/plugins/elementor/assets/lib/animations/styles/e-animation-shrink.min3ea8.css]
[team5036.ca/wp-content/plugins/elementor/assets/lib/animations/styles/fadeIn.min3ea8.css]
[team5036.ca/wp-content/plugins/elementor/assets/css/widget-social-icons.min3ea8.css]
[team5036.ca/wp-content/plugins/elementor/assets/css/conditionals/apple-webkit.min3ea8.css]
[team5036.ca/wp-content/plugins/elementor/assets/lib/swiper/v8/css/swiper.min94a4.css]
[team5036.ca/wp-content/plugins/elementor/assets/css/conditionals/e-swiper.min3ea8.css]
[team5036.ca/wp-content/plugins/elementor/assets/css/widget-image-carousel.min3ea8.css]
[team5036.ca/wp-content/plugins/elementor/assets/css/widget-icon-list.min3ea8.css]
[team5036.ca/wp-content/plugins/elementor/assets/css/widget-google_maps.min3ea8.css]
[team5036.ca/wp-content/uploads/elementor/css/post-1678b69.css]
[team5036.ca/wp-content/plugins/elementor/assets/lib/font-awesome/css/fontawesome.min52d5.css]
[team5036.ca/wp-content/plugins/elementor/assets/lib/font-awesome/css/brands.min52d5.css]
[team5036.ca/wp-content/plugins/elementor/assets/lib/font-awesome/css/solid.min52d5.css]
[team5036.ca/wp-content/plugins/elementor/assets/lib/font-awesome/css/regular.min52d5.css]
[team5036.ca/wp-includes/js/jquery/jquery.minf43b.js]
[team5036.ca/wp-includes/js/jquery/jquery-migrate.min5589.js]
[team5036.ca/index52f0.json]
[team5036.ca/index36f5.json]
[team5036.ca/xmlrpc0db0.php]
[team5036.ca/index3c37.json]
[team5036.ca/indexd4e6.php]
[i0.wp.com/team5036.ca/wp-content/uploads/2022/09/Logo-Light-Grey8485.png]
[i0.wp.com/team5036.ca/wp-content/uploads/2022/09/Logo-Light-Greye641.png]
[i0.wp.com/team5036.ca/wp-content/uploads/2022/09/Logo-Light-Grey0ffa.png]
[i0.wp.com/team5036.ca/wp-content/uploads/2022/09/header-text-e16642921788963bdf.png]
[i0.wp.com/team5036.ca/wp-content/uploads/2022/05/The_Robo_Devils_Logo8570.png]
[team5036.ca/index3fd7.html]
[i0.wp.com/team5036.ca/wp-content/uploads/2022/05/FIRST_Logo.svg_d2fe.png]
[team5036.ca/cdn-cgi/scripts/5c5dd728/cloudflare-static/email-decode.min.js]
[team5036.ca/index5f1a.html]
[team5036.ca/index454a.html]
[team5036.ca/wp-content/plugins/fluentform/assets/css/fluent-forms-elementor-widgetfb16.css]
[team5036.ca/wp-content/themes/astra/assets/js/minified/frontend.mine506.js]
[team5036.ca/wp-content/plugins/essential-addons-for-elementor-lite/assets/front-end/js/view/general.min658f.js]
[team5036.ca/wp-content/uploads/essential-addons-elementor/eael-16780de.js]
[stats.wp.com/e-202522.js]
[team5036.ca/wp-content/plugins/elementor/assets/lib/swiper/v8/swiper.min94a4.js]
[team5036.ca/wp-content/plugins/elementor/assets/js/webpack.runtime.min3ea8.js]
[team5036.ca/wp-content/plugins/elementor/assets/js/frontend-modules.min3ea8.js]
[team5036.ca/wp-includes/js/jquery/ui/core.minb37e.js]
[team5036.ca/wp-content/plugins/elementor/assets/js/frontend.min3ea8.js]
[team5036.ca/index.html]
[team5036.ca/wp-content/themes/astra/assets/css/minified/main.mine506.css]
[team5036.ca/cdn-cgi/challenge-platform/h/g/scripts/jsd/6fab0cec561d/maind41d.js]
[team5036.ca/wp-includes/js/mediaelement/mediaelementplayer-legacy.min1f61.css]
[team5036.ca/wp-includes/js/mediaelement/wp-mediaelement.min0899.css]
[team5036.ca/wp-content/plugins/elementor/assets/css/frontend.min3ea8.css]
[team5036.ca/wp-content/plugins/essential-addons-for-elementor-lite/assets/front-end/css/view/general.min658f.css]
[team5036.ca/wp-content/uploads/essential-addons-elementor/eael-16780de.css]
[team5036.ca/wp-includes/js/mediaelement/mejs-controls.svg]
[team5036.ca/wp-content/plugins/elementor/assets/lib/eicons/fonts/eicons6feb.eot]
[team5036.ca/wp-content/plugins/elementor/assets/lib/eicons/fonts/eicons6feb.woff2]
[team5036.ca/wp-content/plugins/elementor/assets/lib/eicons/fonts/eicons6feb.woff]
[team5036.ca/wp-content/plugins/elementor/assets/lib/eicons/fonts/eicons6feb.ttf]
[team5036.ca/wp-content/plugins/elementor/assets/lib/eicons/css/elementor-icons.minf25c.css]
[team5036.ca/wp-content/uploads/elementor/css/post-1448b69.css]
[team5036.ca/wp-content/plugins/elementor/assets/css/widget-image.min3ea8.css]
[team5036.ca/wp-content/plugins/elementor/assets/css/widget-heading.min3ea8.css]
[team5036.ca/wp-content/plugins/elementor/assets/lib/animations/styles/e-animation-shrink.min3ea8.css]
[team5036.ca/wp-content/plugins/elementor/assets/lib/animations/styles/fadeIn.min3ea8.css]
[team5036.ca/wp-content/plugins/elementor/assets/css/widget-social-icons.min3ea8.css]
[team5036.ca/wp-content/plugins/elementor/assets/css/conditionals/apple-webkit.min3ea8.css]
[team5036.ca/wp-content/plugins/elementor/assets/lib/swiper/v8/css/swiper.min94a4.css]
[team5036.ca/wp-content/plugins/elementor/assets/css/conditionals/e-swiper.min3ea8.css]
[team5036.ca/wp-content/plugins/elementor/assets/css/widget-image-carousel.min3ea8.css]
[team5036.ca/wp-content/plugins/elementor/assets/css/widget-icon-list.min3ea8.css]
[team5036.ca/wp-content/plugins/elementor/assets/css/widget-google_maps.min3ea8.css]
[team5036.ca/wp-content/plugins/elementor/assets/lib/eicons/fonts/eicons6feb.svg]
[team5036.ca/wp-content/uploads/elementor/css/post-1678b69.css]
[team5036.ca/wp-content/plugins/elementor/assets/lib/font-awesome/css/fontawesome.min52d5.css]
[team5036.ca/wp-content/plugins/elementor/assets/lib/font-awesome/webfonts/fa-brands-400.eot]
[team5036.ca/wp-content/plugins/elementor/assets/lib/font-awesome/webfonts/fa-brands-400d41d.eot]
[team5036.ca/wp-content/plugins/elementor/assets/lib/font-awesome/webfonts/fa-brands-400.woff2]
[team5036.ca/wp-content/plugins/elementor/assets/lib/font-awesome/webfonts/fa-brands-400.woff]
[team5036.ca/wp-content/plugins/elementor/assets/lib/font-awesome/webfonts/fa-brands-400.ttf]
[team5036.ca/wp-content/plugins/elementor/assets/lib/font-awesome/css/brands.min52d5.css]
[team5036.ca/wp-content/plugins/elementor/assets/lib/font-awesome/webfonts/fa-brands-400.svg]
[team5036.ca/wp-content/plugins/elementor/assets/lib/font-awesome/webfonts/fa-solid-900.eot]
[team5036.ca/wp-content/plugins/elementor/assets/lib/font-awesome/webfonts/fa-solid-900d41d.eot]
[team5036.ca/wp-content/plugins/elementor/assets/lib/font-awesome/webfonts/fa-solid-900.woff2]
[team5036.ca/wp-content/plugins/elementor/assets/lib/font-awesome/webfonts/fa-solid-900.woff]
[team5036.ca/wp-content/plugins/elementor/assets/lib/font-awesome/webfonts/fa-solid-900.ttf]
[team5036.ca/wp-content/plugins/elementor/assets/lib/font-awesome/css/solid.min52d5.css]
[team5036.ca/wp-content/plugins/elementor/assets/lib/font-awesome/webfonts/fa-solid-900.svg]
[team5036.ca/wp-content/plugins/elementor/assets/lib/font-awesome/webfonts/fa-regular-400.eot]
[team5036.ca/wp-content/plugins/elementor/assets/lib/font-awesome/webfonts/fa-regular-400d41d.eot]
[team5036.ca/wp-content/plugins/elementor/assets/lib/font-awesome/webfonts/fa-regular-400.woff2]
[team5036.ca/wp-content/plugins/elementor/assets/lib/font-awesome/webfonts/fa-regular-400.woff]
[team5036.ca/wp-content/plugins/elementor/assets/lib/font-awesome/webfonts/fa-regular-400.ttf]
[team5036.ca/wp-content/plugins/elementor/assets/lib/font-awesome/css/regular.min52d5.css]
[team5036.ca/wp-content/plugins/elementor/assets/lib/font-awesome/webfonts/fa-regular-400.svg]
[team5036.ca/wp-content/uploads/essential-addons-elementor/eael-44121d7.css]
[team5036.ca/wp-content/plugins/elementor/assets/css/widget-spacer.min3ea8.css]
[team5036.ca/wp-content/plugins/elementor/assets/lib/animations/styles/fadeInDown.min3ea8.css]
[team5036.ca/wp-content/plugins/elementor/assets/lib/animations/styles/e-animation-grow.min3ea8.css]
[team5036.ca/wp-content/plugins/elementor/assets/lib/animations/styles/slideInRight.min3ea8.css]
[team5036.ca/wp-content/plugins/elementor/assets/lib/animations/styles/slideInLeft.min3ea8.css]
[team5036.ca/wp-content/plugins/elementor/assets/css/widget-text-editor.min3ea8.css]
[team5036.ca/wp-content/plugins/elementor/assets/css/widget-counter.min3ea8.css]
[team5036.ca/wp-content/plugins/elementor/assets/lib/animations/styles/fadeInUp.min3ea8.css]
[team5036.ca/wp-content/uploads/elementor/css/post-44189a4.css]
[team5036.ca/index674e.json]
[team5036.ca/index618d.json]
[team5036.ca/index4627.php]
[team5036.ca/wp-content/uploads/2022/05/The_Robo_Devils_Logo.png]
[i0.wp.com/team5036.ca/wp-content/uploads/2022/09/IMG_6285-1-scaled8ac0.jpg]
[team5036.ca/index4a1e.html]
[i0.wp.com/team5036.ca/wp-content/uploads/2022/09/DriveTeam-and-Bot44ce.jpg]
[team5036.ca/indexccb4.html]
[team5036.ca/index3040.html]
[i0.wp.com/team5036.ca/wp-content/uploads/2022/09/Durham-Photo44ce.jpg]
[i0.wp.com/team5036.ca/wp-content/uploads/2024/08/IMG_83315c29.jpg]
[i0.wp.com/team5036.ca/wp-content/uploads/2022/09/2020-scaled8ac0.jpg]
[i0.wp.com/team5036.ca/wp-content/uploads/2022/09/Bot-20183bf9.jpg]
[i0.wp.com/team5036.ca/wp-content/uploads/2024/08/IMG_83334a32.jpg]
[i0.wp.com/team5036.ca/wp-content/uploads/2024/08/IMG_8332-1af70.jpg]
[i0.wp.com/team5036.ca/wp-content/uploads/2024/08/c1653de24332332f56f3a49a05dcfd711f63.png]
[i0.wp.com/team5036.ca/wp-content/uploads/2024/08/IMG_83305c29.jpg]
[i0.wp.com/team5036.ca/wp-content/uploads/2024/08/IMG_83355c29.jpg]
[i0.wp.com/team5036.ca/wp-content/uploads/2024/08/IMG_83345c29.jpg]
[i0.wp.com/team5036.ca/wp-content/uploads/2024/08/plaque5405.png]
[team5036.ca/wp-content/uploads/essential-addons-elementor/eael-44121d7.js]
[team5036.ca/index3fd7.html]
[team5036.ca/wp-content/plugins/elementor/assets/lib/jquery-numerator/jquery-numerator.min3958.js]
[team5036.ca/wp-content/uploads/essential-addons-elementor/eael-2115ae7.css]
[team5036.ca/wp-content/plugins/elementor/assets/css/widget-divider.min3ea8.css]
[team5036.ca/wp-content/uploads/elementor/css/post-211680f.css]
[team5036.ca/index6480.json]
[team5036.ca/index5a5b.json]
[team5036.ca/indexd81c.php]
[i0.wp.com/team5036.ca/wp-content/uploads/elementor/thumbs/The_Robo_Devils_Logo-potnvflqu1bswci9px3t67roqtp0pqhsttc61kk8hsaeea.png]
[i0.wp.com/team5036.ca/wp-content/uploads/2022/09/IMG_6064-1-scaledeb45.jpg]
[i0.wp.com/team5036.ca/wp-content/uploads/elementor/thumbs/IMG_6064-1-scaled-pvdzstw0t2zh2d8dyniywxfzq631py8czhqgcmgtmoaeea.jpg]
[i0.wp.com/team5036.ca/wp-content/uploads/2022/09/2020-scaledeb45.jpg]
[i0.wp.com/team5036.ca/wp-content/uploads/elementor/thumbs/2020-scaled-pve2vtnxtsxe0q0au4q0uf4gz50dn9vb8uzjfvw8w0aeea.jpg]
[i0.wp.com/team5036.ca/wp-content/uploads/2022/09/2019eb45.jpg]
[i0.wp.com/team5036.ca/wp-content/uploads/elementor/thumbs/2019-pve32ej9o1xnagg8ez40arcmo8kvizzo5fdwdm51c0aeea.jpg]
[i0.wp.com/team5036.ca/wp-content/uploads/2022/09/2018eb45.jpg]
[i0.wp.com/team5036.ca/wp-content/uploads/elementor/thumbs/2018-pve39sjle61sk3pu9o3fee82sa5r1cbpi00b6x6mf4aeea.jpg]
[i0.wp.com/team5036.ca/wp-content/uploads/2022/09/2017eb45.jpg]
[i0.wp.com/team5036.ca/wp-content/uploads/elementor/thumbs/2017-pve3c62wo3avwm9le72h7an0ucg5hsra5rdhv3nsowaeea.jpg]
[i0.wp.com/team5036.ca/wp-content/uploads/2022/09/2016eb45.jpg]
[i0.wp.com/team5036.ca/wp-content/uploads/elementor/thumbs/2016-pve3hfyb0mit1ulslh546yq4u6gaonp27v5kszu9s0aeea.jpg]
[i0.wp.com/team5036.ca/wp-content/uploads/2022/09/2015eb45.jpg]
[i0.wp.com/team5036.ca/wp-content/uploads/elementor/thumbs/2015-pve3pm5sfrpjzsqfvibcdehers66lx51obck0lq1ogaeea.jpg]
[i0.wp.com/team5036.ca/wp-content/uploads/2022/09/2014eb45.jpg]
[i0.wp.com/team5036.ca/wp-content/uploads/elementor/thumbs/2014-pvdxlsmk5ksiuq1agzn9rdfpktmzi5gv4azoo1nitcaeea.jpg]
[team5036.ca/index5f1a.html]
[team5036.ca/wp-content/uploads/essential-addons-elementor/eael-2115ae7.js]
[team5036.ca/wp-content/uploads/essential-addons-elementor/eael-869a4b5.css]
[team5036.ca/wp-content/plugins/elementor/assets/lib/animations/styles/zoomIn.min3ea8.css]
[team5036.ca/wp-content/plugins/elementor/assets/lib/animations/styles/fadeInLeft.min3ea8.css]
[team5036.ca/wp-content/plugins/elementor/assets/lib/animations/styles/fadeInRight.min3ea8.css]
[team5036.ca/wp-content/uploads/elementor/css/post-869ba06.css]
[team5036.ca/index4376.json]
[team5036.ca/indexcada.json]
[team5036.ca/index6ea8.php]
[i0.wp.com/team5036.ca/wp-content/uploads/2024/08/pngfind.com-chemical-png-4500113476c.png]
[i0.wp.com/team5036.ca/wp-content/uploads/2024/08/Sable-logomark-RGB_blackf801.png]
[i0.wp.com/team5036.ca/wp-content/uploads/2024/08/Metal_Supermarkets_Logo_20148d58.png]
[i0.wp.com/team5036.ca/wp-content/uploads/2024/08/kisspng-toronto-district-school-board-logo-brand-school-di-toronto-school-of-theology-5b527eeaf2cd12.716734391532133098994522f3.png]
[team5036.ca/index454a.html]
[team5036.ca/wp-content/plugins/fluentform/assets/css/fluent-forms-elementor-widgetfb16.css]
[team5036.ca/wp-includes/js/mediaelement/mejs-controls.svg]
[team5036.ca/wp-content/plugins/elementor/assets/lib/eicons/fonts/eicons6feb.svg]
[i0.wp.com/team5036.ca/wp-content/uploads/2022/09/cropped-IMG_6310-scaled-1c144.html]
[i0.wp.com/team5036.ca/wp-content/uploads/2022/09/f895dcc2-ellipse-3-160ef.html]
[team5036.ca/wp-content/plugins/elementor/assets/lib/font-awesome/webfonts/fa-brands-400.svg]
[team5036.ca/wp-content/uploads/essential-addons-elementor/eael-869a4b5.js]
[team5036.ca/wp-content/plugins/elementor/assets/lib/font-awesome/webfonts/fa-solid-900.svg]
[team5036.ca/wp-content/plugins/elementor/assets/lib/font-awesome/webfonts/fa-regular-400.svg]
[team5036.ca/wp-content/uploads/essential-addons-elementor/eael-44121d7.css]
[team5036.ca/wp-content/plugins/elementor/assets/css/widget-spacer.min3ea8.css]
[team5036.ca/wp-content/plugins/elementor/assets/lib/animations/styles/fadeInDown.min3ea8.css]
[team5036.ca/wp-content/plugins/elementor/assets/lib/animations/styles/e-animation-grow.min3ea8.css]
[team5036.ca/wp-content/plugins/elementor/assets/lib/animations/styles/slideInRight.min3ea8.css]
[team5036.ca/wp-content/plugins/elementor/assets/lib/animations/styles/slideInLeft.min3ea8.css]
[team5036.ca/wp-content/plugins/elementor/assets/css/widget-text-editor.min3ea8.css]
[team5036.ca/wp-content/plugins/elementor/assets/css/widget-counter.min3ea8.css]
[team5036.ca/wp-content/plugins/elementor/assets/lib/animations/styles/fadeInUp.min3ea8.css]
[i0.wp.com/team5036.ca/wp-content/uploads/2024/08/webba87c.png]
[i0.wp.com/team5036.ca/wp-content/uploads/2022/09/Fixing-Bot-new-Size3d17.jpg]
[i0.wp.com/team5036.ca/wp-content/uploads/2024/08/IMG_8337af70.jpg]
[team5036.ca/wp-content/uploads/elementor/css/post-44189a4.css]
[team5036.ca/indexdf01.html]
[team5036.ca/wp-content/uploads/essential-addons-elementor/eael-340e9bc.css]
[team5036.ca/wp-content/uploads/elementor/css/post-3404f2b.css]
[team5036.ca/index868f.json]
[team5036.ca/index86f0.json]
[team5036.ca/index70ce.php]
[i0.wp.com/team5036.ca/wp-content/uploads/2022/09/gart6520-frcc44c.gif]
[team5036.ca/index4a1e.html]
[team5036.ca/wp-content/uploads/essential-addons-elementor/eael-340e9bc.js]
[team5036.ca/wp-content/uploads/essential-addons-elementor/eael-2094929.css]
[team5036.ca/wp-content/uploads/elementor/css/post-2096501.css]
[team5036.ca/index884f.json]
[team5036.ca/index503b.json]
[team5036.ca/indexf8be.php]
[i0.wp.com/team5036.ca/wp-content/uploads/2022/09/52012741322_a24120f080_o-1-scaledeb45.jpg]
[i0.wp.com/team5036.ca/wp-content/uploads/elementor/thumbs/52012741322_a24120f080_o-1-scaled-pve01ju47qxj0f8i7gklba4ybsbqrsuatedjnist1caeea.jpg]
[i0.wp.com/team5036.ca/wp-content/uploads/2022/09/Durham-Photoeb45.jpg]
[i0.wp.com/team5036.ca/wp-content/uploads/elementor/thumbs/Durham-Photo-pvdzr3uoa0mu0een6y1tlx0kpnsx8vdo1pfbouaa68aeea.jpg]
[i0.wp.com/team5036.ca/wp-content/uploads/2022/09/Fixing-Bot-new-Sizeeb45.jpg]
[i0.wp.com/team5036.ca/wp-content/uploads/elementor/thumbs/Fixing-Bot-new-Size-pvdzr9hpf0ujy26ga0hl0vlc9z14j2022hc8ki1x4waeea.jpg]
[i0.wp.com/team5036.ca/wp-content/uploads/2022/09/Toy-Aadi-and-Sohaibeb45.jpg]
[i0.wp.com/team5036.ca/wp-content/uploads/elementor/thumbs/Toy-Aadi-and-Sohaib-pvdzrbddsox4la3pz1au5v49gqruyg7iqqn7j1z4sgaeea.jpg]
[i0.wp.com/team5036.ca/wp-content/uploads/2022/09/Bot-2018eb45.jpg]
[i0.wp.com/team5036.ca/wp-content/uploads/elementor/thumbs/Bot-2018-pvdzrf4qk129vpy9d2xcfu63ua9bt8mg3995g5tk3kaeea.jpg]
[i0.wp.com/team5036.ca/wp-content/uploads/elementor/thumbs/IMG_6064-1-scaled-pvdzstw0t2zranwj4ov76hczx3b5cw7ya8hdd3qarkaeea.jpg]
[i0.wp.com/team5036.ca/wp-content/uploads/2022/09/DriveTeam-and-Boteb45.jpg]
[i0.wp.com/team5036.ca/wp-content/uploads/elementor/thumbs/DriveTeam-and-Bot-pvdzrsah7pkae9f588m4equk5oggt02ot2dy61a1ogaeea.jpg]
[i0.wp.com/team5036.ca/wp-content/uploads/2022/09/Durham-Photo-Compressedeb45.jpg]
[i0.wp.com/team5036.ca/wp-content/uploads/elementor/thumbs/Durham-Photo-Compressed-pvdzryvcjjtanj5l5tgie76sbdk1avst5yyciz0agwaeea.jpg]
[i0.wp.com/team5036.ca/wp-content/uploads/2022/09/IMG_6285-1-scaledeb45.jpg]
[i0.wp.com/team5036.ca/wp-content/uploads/elementor/thumbs/IMG_6285-1-scaled-pvdzui1oyha3xph5devbm26hxr2n1iurui8g2t93pcaeea.jpg]
[i0.wp.com/team5036.ca/wp-content/uploads/2022/09/34309766481_e0f6f4ef8b_o-1-scaledeb45.jpg]
[i0.wp.com/team5036.ca/wp-content/uploads/elementor/thumbs/34309766481_e0f6f4ef8b_o-1-scaled-pve039vgqtagaoqe57dyvuhdj7tyvtol1xflbs8tmoaeea.jpg]
[team5036.ca/indexccb4.html]
[team5036.ca/wp-content/uploads/essential-addons-elementor/eael-2094929.js]
[team5036.ca/wp-content/uploads/essential-addons-elementor/eael-2066d4d.css]
[team5036.ca/wp-content/plugins/elementor/assets/css/widget-image-gallery.min3ea8.css]
[team5036.ca/wp-content/uploads/elementor/css/post-2068c5e.css]
[team5036.ca/indexe332.json]
[team5036.ca/index2194.json]
[team5036.ca/index2a14.php]
[i0.wp.com/team5036.ca/wp-content/uploads/2022/09/HCF-LOGO547d.jpg]
[i0.wp.com/team5036.ca/wp-content/uploads/2022/09/SWLCI1ce2.png]
[i0.wp.com/team5036.ca/wp-content/uploads/2022/09/cropped-TDSB4cff.png]
[i0.wp.com/team5036.ca/wp-content/uploads/2022/09/GameSchooled-12e23.jpg]
[team5036.ca/wp-content/themes/astra/assets/css/minified/galleries.mine506.css]
[team5036.ca/index3040.html]
[team5036.ca/wp-content/uploads/essential-addons-elementor/eael-2115ae7.css]
[team5036.ca/wp-content/plugins/elementor/assets/css/widget-divider.min3ea8.css]
[team5036.ca/wp-content/uploads/elementor/css/post-211680f.css]
[team5036.ca/index0114.html]
[team5036.ca/wp-content/uploads/essential-addons-elementor/eael-869a4b5.css]
[team5036.ca/wp-content/plugins/elementor/assets/lib/animations/styles/zoomIn.min3ea8.css]
[team5036.ca/wp-content/plugins/elementor/assets/lib/animations/styles/fadeInLeft.min3ea8.css]
[team5036.ca/wp-content/plugins/elementor/assets/lib/animations/styles/fadeInRight.min3ea8.css]
[team5036.ca/wp-content/uploads/essential-addons-elementor/eael-2066d4d.js]
[i0.wp.com/team5036.ca/wp-content/uploads/2022/09/52012741322_a24120f080_o-1-scaled8ac0.jpg]
[team5036.ca/wp-content/uploads/elementor/css/post-869ba06.css]
[team5036.ca/index71e2.html]
[team5036.ca/wp-content/uploads/essential-addons-elementor/eael-340e9bc.css]
[team5036.ca/wp-content/uploads/elementor/css/post-3404f2b.css]
[team5036.ca/index80a3.html]
[team5036.ca/wp-content/uploads/essential-addons-elementor/eael-2094929.css]
[team5036.ca/wp-content/uploads/elementor/css/post-2096501.css]
[team5036.ca/index4e6a.html]
[team5036.ca/wp-content/uploads/essential-addons-elementor/eael-2066d4d.css]
[team5036.ca/wp-content/plugins/elementor/assets/css/widget-image-gallery.min3ea8.css]
[team5036.ca/wp-content/uploads/elementor/css/post-2068c5e.css]
[team5036.ca/index1e11.html]
[team5036.ca/wp-content/themes/astra/assets/css/minified/galleries.mine506.css]
